// Jest Snapshot v1, https://goo.gl/fbAQLP

exports[`App snapshot renders 1`] = `
<div
  className="App"
>
  <div
    className="wrapper"
  >
    <img
      alt="main product"
      className="image"
      src="https://unzwilling.s3-us-west-1.amazonaws.com/1.jpg"
    />
  </div>
  <div
    className="wrapper"
  >
    <h3
      className="header"
    >
      
    </h3>
    <ul
      className="features"
    />
  </div>
</div>
`;
