// Jest Snapshot v1, https://goo.gl/fbAQLP

exports[`FeaturesDetails Have props snapshot renders 1`] = `
<div
  className="wrapper"
>
  <h3
    className="header"
  >
    THIS IS THE HEADER
  </h3>
  <ul
    className="features"
  >
    <li
      className="feature active"
      index={0}
    >
      <button
        className="feature_heading"
        onClick={[Function]}
        type="button"
      >
        heading for 1
      </button>
      <div
        className="feature_description"
      >
        description string for feature 1
      </div>
    </li>
    <li
      className="feature"
      index={1}
    >
      <button
        className="feature_heading"
        onClick={[Function]}
        type="button"
      >
        heading for 2
      </button>
      <div
        className="feature_description"
      >
        description string for feature 2
      </div>
    </li>
    <li
      className="feature"
      index={2}
    >
      <button
        className="feature_heading"
        onClick={[Function]}
        type="button"
      >
        heading for 3
      </button>
      <div
        className="feature_description"
      >
        description string for feature 3
      </div>
    </li>
  </ul>
</div>
`;
